// Vitest Snapshot v1, https://vitest.dev/guide/snapshot.html

exports[`TodoItem > TodoItem 스냅샷이 일치해야 합니다 1`] = `
<div>
  <div
    class="flex items-center gap-3 p-3 bg-gray-50 rounded-lg border border-gray-200"
    data-testid="todo-item"
  >
    <input
      class="w-5 h-5"
      data-testid="todo-checkbox"
      type="checkbox"
    />
    <span
      class="flex-1 "
      data-testid="todo-title"
    >
      테스트 할일
    </span>
    <button
      class="text-red-500 hover:text-red-600"
      data-testid="delete-button"
    >
      <svg
        class="h-5 w-5"
        fill="currentColor"
        viewBox="0 0 20 20"
        xmlns="http://www.w3.org/2000/svg"
      >
        <path
          clip-rule="evenodd"
          d="M9 2a1 1 0 00-.894.553L7.382 4H4a1 1 0 000 2v10a2 2 0 002 2h8a2 2 0 002-2V6a1 1 0 100-2h-3.382l-.724-1.447A1 1 0 0011 2H9zM7 8a1 1 0 012 0v6a1 1 0 11-2 0V8zm5-1a1 1 0 00-1 1v6a1 1 0 102 0V8a1 1 0 00-1-1z"
          fill-rule="evenodd"
        />
      </svg>
    </button>
  </div>
</div>
`;
